

Hello someone!
This is a sample input file for the
standalone example scanner.

Have a nice day!

